tsconfig.json(28,5): error TS6053: File 'C:/Users/locvu/source/smart-document-assistant/tsconfig.spec.json' not found.
